// Jest Snapshot v1, https://goo.gl/fbAQLP

exports[`AutoSave - General should render with required props 1`] = `
<div
  className="savingLabel"
  style={
    Object {
      "display": "none",
    }
  }
>
  i18n string
</div>
`;
